     1                                  %include	"../include/define.s"
     1                              <1> BOOT_LOAD		equ	0x7c00
     2                              <1> BOOT_END		equ	BOOT_LOAD + BOOT_SIZE
     3                              <1> 
     4                              <1> BOOT_SIZE		equ	(1024 * 8)
     5                              <1> SECT_SIZE		equ	(512)
     6                              <1> BOOT_SECT		equ	(BOOT_SIZE / SECT_SIZE)
     7                              <1> 
     8                              <1> E820_RECORD_SIZE	equ	20
     9                              <1> 
    10                              <1> KERNEL_LOAD		equ	0x0010_1000
    11                              <1> KERNEL_SIZE		equ	(1024 * 8)
    12                              <1> KERNEL_SECT		equ	(KERNEL_SIZE / SECT_SIZE)
    13                              <1> 
    14                              <1> VECT_BASE		equ	0x0010_0000
    15                              <1> 
    16                              <1> %define			RING_ITEM_SIZE	(1 << 4)
    17                              <1> %define			RING_INDEX_MASK	(RING_ITEM_SIZE - 1)
    18                              <1> 
    19                              <1> struc			ring_buff		; for keyboard
    20 00000000 <res 00000004>      <1> 				.rp	resd	1
    21 00000004 <res 00000004>      <1> 				.wp	resd	1
    22 00000008 <res 00000010>      <1> 				.item	resb	RING_ITEM_SIZE
    23                              <1> endstruc
    24                              <1> ;struc ring_buff
    25                              <1> ;    .rp resd 1                  ; RP:書き込み位置
    26                              <1> ;    .wp resd 1                  ; WP:読み込み位置
    27                              <1> ;    .item resb RING_ITEM_SIZE   ; バッファ
    28                              <1> ;endstruc
    29                              <1> 
    30                              <1> STACK_BASE		equ	0x0010_3000
    31                              <1> STACK_SIZE		equ	1024
    32                              <1> 
    33                              <1> SP_TASK_0		equ	STACK_BASE + (STACK_SIZE * 1)
    34                              <1> SP_TASK_1		equ	STACK_BASE + (STACK_SIZE * 2)
     2                                  %include	"../include/cdecl.s"
     1                              <1> %macro	cdecl	1-*.nolist
     2                              <1> 	%rep	%0 - 1
     3                              <1> 		push	%{-1:-1}
     4                              <1> 		%rotate -1
     5                              <1> 	%endrep
     6                              <1> 	%rotate -1
     7                              <1> 		call %1
     8                              <1> 	%if 1 < %0
     9                              <1> 		add	sp,(__BITS__ >> 3) * (%0 - 1)
    10                              <1> 	%endif
    11                              <1> %endmacro
     3                                  %include	"../include/drive.s"
     1                              <1> struc drive
     2 00000000 <res 00000002>      <1> 	.no	resw	1	; number of drive
     3 00000002 <res 00000002>      <1> 	.cyln	resw	1	; cylnder
     4 00000004 <res 00000002>      <1> 	.head	resw	1	; head
     5 00000006 <res 00000002>      <1> 	.sect	resw	1	; sector
     6                              <1> endstruc
     4                                  %include	"../include/set_vect.s"
     1                              <1> %macro	set_vect 1-*.nolist	; vector_number, function_pointer
     2                              <1> 	push	eax
     3                              <1> 	push	edi
     4                              <1> 
     5                              <1> 	mov	edi, VECT_BASE + (%1 * 8)	; number converts to address
     6                              <1> 	mov	eax, %2
     7                              <1> 	
     8                              <1> 	%if	%0 == 3
     9                              <1> 		mov	[edi + 4],%3
    10                              <1> 	%endif
    11                              <1> 
    12                              <1> 	mov	[edi + 0], ax			; bottom
    13                              <1> 	shr	eax, 16
    14                              <1> 	mov	[edi + 6], ax			; tom
    15                              <1> 
    16                              <1> 
    17                              <1> 	pop	edi
    18                              <1> 	pop	eax
    19                              <1> %endmacro
     5                                  %include	"../include/outp.s"
     1                              <1> %macro	outp	2
     2                              <1> 	mov	al, %2
     3                              <1> 	out	%1, al
     4                              <1> %endmacro
     6                                  %include	"../include/set_desc.s"
     1                              <1> %macro	set_desc	2-*
     2                              <1> 	push	eax
     3                              <1> 	push	edi
     4                              <1> 
     5                              <1> 	mov	edi, %1
     6                              <1> 	mov	eax, %2
     7                              <1> 
     8                              <1> 	%if %0 == 3
     9                              <1> 		mov	[edi + 0], %3
    10                              <1> 	%endif
    11                              <1> 
    12                              <1> 	mov	[edi + 2], ax
    13                              <1> 	shr	eax, 16
    14                              <1> 	mov	[edi + 4], al
    15                              <1> 	mov	[edi + 7], ah
    16                              <1> 
    17                              <1> 	pop	edi
    18                              <1> 	pop	eax
    19                              <1> %endmacro
     7                                  ;%include	"../../../../testOS/src/include/macro.s"
     8                                  
     9                                  ORG	KERNEL_LOAD
    10                                  
    11                                  ALIGN	4
    12 00000000 FF07                    IDTR:	dw	8 * 256 - 1	; size
    13 00000002 00001000                	dd	VECT_BASE
    14                                  
    15                                  
    16                                  [BITS 32]
    17                                  
    18                                  
    19                                  kernel:
    20 00000006 FA                      	cli
    21                                  
    22                                  
    23                                  
    24 00000007 BE007E0000              	mov	esi, BOOT_LOAD + SECT_SIZE
    25 0000000C 0FB706                  	movzx	eax, word [esi + 0]
    26 0000000F 0FB75E02                	movzx	ebx, word [esi + 2]
    27 00000013 C1E004                  	shl	eax, 4
    28 00000016 01D8                    	add	eax, ebx		; Emulate real mode addressing
    29 00000018 A3[98010000]            	mov	[FONT_ADR], eax
    30                                  	
    31                                  	set_desc	GDT.ldt, LDT, word LDT_LIMIT
    31 0000001D 50                  <1>  push eax
    31 0000001E 57                  <1>  push edi
    31                              <1> 
    31 0000001F BF[E00A0000]        <1>  mov edi, %1
    31 00000024 B8[A00A0000]        <1>  mov eax, %2
    31                              <1> 
    31                              <1>  %if %0 == 3
    31 00000029 66C7072700          <1>  mov [edi + 0], %3
    31                              <1>  %endif
    31                              <1> 
    31 0000002E 66894702            <1>  mov [edi + 2], ax
    31 00000032 C1E810              <1>  shr eax, 16
    31 00000035 884704              <1>  mov [edi + 4], al
    31 00000038 886707              <1>  mov [edi + 7], ah
    31                              <1> 
    31 0000003B 5F                  <1>  pop edi
    31 0000003C 58                  <1>  pop eax
    32                                  	set_desc	GDT.tss_0, TSS_0
    32 0000003D 50                  <1>  push eax
    32 0000003E 57                  <1>  push edi
    32                              <1> 
    32 0000003F BF[E80A0000]        <1>  mov edi, %1
    32 00000044 B8[FE0A0000]        <1>  mov eax, %2
    32                              <1> 
    32                              <1>  %if %0 == 3
    32                              <1>  mov [edi + 0], %3
    32                              <1>  %endif
    32                              <1> 
    32 00000049 66894702            <1>  mov [edi + 2], ax
    32 0000004D C1E810              <1>  shr eax, 16
    32 00000050 884704              <1>  mov [edi + 4], al
    32 00000053 886707              <1>  mov [edi + 7], ah
    32                              <1> 
    32 00000056 5F                  <1>  pop edi
    32 00000057 58                  <1>  pop eax
    33                                  	set_desc	GDT.tss_1, TSS_1
    33 00000058 50                  <1>  push eax
    33 00000059 57                  <1>  push edi
    33                              <1> 
    33 0000005A BF[F00A0000]        <1>  mov edi, %1
    33 0000005F B8[660B0000]        <1>  mov eax, %2
    33                              <1> 
    33                              <1>  %if %0 == 3
    33                              <1>  mov [edi + 0], %3
    33                              <1>  %endif
    33                              <1> 
    33 00000064 66894702            <1>  mov [edi + 2], ax
    33 00000068 C1E810              <1>  shr eax, 16
    33 0000006B 884704              <1>  mov [edi + 4], al
    33 0000006E 886707              <1>  mov [edi + 7], ah
    33                              <1> 
    33 00000071 5F                  <1>  pop edi
    33 00000072 58                  <1>  pop eax
    34 00000073 0F0115[F80A0000]        	lgdt		[GDTR]
    35                                  
    36 0000007A BC00341000              	mov	esp, SP_TASK_0
    37 0000007F 66B82000                	mov	ax, SS_TASK_0	; set tss0
    38 00000083 0F00D8                  	ltr	ax
    39                                  	; say "this process is task 0" to CPU
    40                                  
    41                                  
    42 00000086 E843080000              	cdecl	init_int
    43 0000008B E8DC060000              	cdecl	init_pic
    44                                  
    45 00000090 5057BF00001000B8-       	set_vect	0x00, int_zero_div
    45 00000098 [05090000]668907C1-
    45 000000A0 E810668947065F58   
    46 000000A8 5057BF00011000B8-       	set_vect	0x20, int_timer
    46 000000B0 [0F0A0000]668907C1-
    46 000000B8 E810668947065F58   
    47 000000C0 5057BF08011000B8-       	set_vect	0x21, int_keyboard
    47 000000C8 [23090000]668907C1-
    47 000000D0 E810668947065F58   
    48 000000D8 5057BF40011000B8-       	set_vect	0x28, int_rtc
    48 000000E0 [2F070000]668907C1-
    48 000000E8 E810668947065F58   
    49                                  	
    50 000000F0 6A10E8610600006683-     	cdecl	rtc_int_en, 0x10	; interrupt per udpate
    50 000000F9 C404               
    51 000000FB E84C090000              	cdecl	int_en_timer
    52                                  	
    53                                  	outp	0x21, 0b1111_1000	; slave
    53 00000100 B0F8                <1>  mov al, %2
    53 00000102 E621                <1>  out %1, al
    54                                  	outp	0xA1, 0b1111_1110	; rtc
    54 00000104 B0FE                <1>  mov al, %2
    54 00000106 E6A1                <1>  out %1, al
    55                                  	
    56 00000108 FB                      	sti
    57                                  	
    58 00000109 6A0D6A3FE805020000-     	cdecl	draw_font, 63, 13
    58 00000112 6683C408           
    59 00000116 6A046A3FE87C020000-     	cdecl	draw_color_bar, 63, 4
    59 0000011F 6683C408           
    60                                  
    61 00000123 68[6D010000]680F01-             cdecl	draw_str, 25, 14, 0x010F, .s0
    61 0000012B 00006A0E6A19E81C02-
    61 00000134 00006683C410       
    62                                  
    63                                  
    64                                  .10L:
    65                                  	
    66                                  	;jmp	SS_TASK_1:10000
    67                                  
    68 0000013A E822090000              	cdecl	draw_rotation_bar
    69                                  
    70 0000013F 68[94010000]68-         	cdecl	ring_rd, _KEY_BUFF, .int_key
    70 00000145 [48090000]E8120800-
    70 0000014D 006683C408         
    71 00000152 83F800                  	cmp	eax, 0
    72 00000155 74E3                    	je	.10L
    73                                  
    74 00000157 68[48090000]6A1D6A-     	cdecl	draw_key, 2, 29, _KEY_BUFF
    74 0000015F 02E8570800006683C4-
    74 00000168 0C                 
    75                                  
    76                                  
    77 00000169 EBCF                    	jmp	.10L
    78                                  
    79 0000016B EBFE                    	jmp	$
    80                                  	
    81                                  	
    82 0000016D 2048656C6C6F2C206B-     .s0:	db	" Hello, kernel! ", 0
    82 00000176 65726E656C212000   
    83 0000017E 2D2D2D2D00              .t0:	db	"----",0
    84 00000183 2D2D2D2D2D2D2D2D2D-     .t1:	db	"----------------",0
    84 0000018C 2D2D2D2D2D2D2D00   
    85 00000194 00000000                .int_key:	dd	0
    86                                  
    87                                  ALIGN	4,	db	0
    88 00000198 00000000                FONT_ADR:	dd	0
    89 0000019C 00000000                RTC_TIME:	dd	0
    90                                  
    91                                  
    92                                  %include	"../modules/protect/vga.s"
     1                              <1> vga_set_read_plane:	; cga_set_read_plane(plane)
     2                              <1> ; this function only selects read plane
     3 000001A0 55                  <1> 	push	ebp
     4 000001A1 89E5                <1> 	mov	ebp, esp
     5                              <1> 	
     6 000001A3 50                  <1> 	push	eax
     7 000001A4 52                  <1> 	push	edx
     8                              <1> 
     9 000001A5 8A6508              <1> 	mov	ah, [ebp + 8]	; 32bit
    10 000001A8 80E403              <1> 	and	ah, 0x03
    11 000001AB B004                <1> 	mov	al, 0x04	; read map
    12 000001AD 66BACE03            <1> 	mov	dx, 0x03CE
    13 000001B1 66EF                <1> 	out	dx, ax
    14                              <1> 
    15 000001B3 5A                  <1> 	pop	edx
    16 000001B4 58                  <1> 	pop	eax
    17                              <1> 
    18 000001B5 89EC                <1> 	mov	esp,ebp
    19 000001B7 5D                  <1> 	pop	ebp
    20                              <1> 
    21 000001B8 C3                  <1> 	ret
    22                              <1> 
    23                              <1> vga_set_write_plane:
    24 000001B9 55                  <1> 	push	ebp
    25 000001BA 89E5                <1> 	mov	ebp, esp
    26                              <1> 
    27 000001BC 50                  <1> 	push	eax
    28 000001BD 52                  <1> 	push	edx
    29                              <1> 
    30 000001BE 8A6508              <1> 	mov	ah, [ebp + 8]
    31 000001C1 80E40F              <1> 	and	ah, 0x0F
    32 000001C4 B002                <1> 	mov	al, 0x02		; write select
    33 000001C6 66BAC403            <1> 	mov	dx, 0x03C4
    34 000001CA 66EF                <1> 	out	dx, ax
    35                              <1> 
    36 000001CC 5A                  <1> 	pop	edx
    37 000001CD 58                  <1> 	pop	eax
    38                              <1> 
    39 000001CE 89EC                <1> 	mov	esp, ebp
    40 000001D0 5D                  <1> 	pop	ebp
    41                              <1> 
    42 000001D1 C3                  <1> 	ret
    43                              <1> 
    44                              <1> vram_font_copy: ; vram_font_copy(font,vram,plane,color)
    45                              <1> ; select plane, and same color
    46                              <1> ; so, this function must be called each plane
    47                              <1> ; COLOR FORMAT
    48                              <1> ; ----IRGB,---TIRGB
    49                              <1> ; BACK_COL,FORD_COL
    50 000001D2 55                  <1> 	push	ebp
    51 000001D3 89E5                <1> 	mov	ebp, esp
    52                              <1> 
    53 000001D5 50                  <1> 	push	eax
    54 000001D6 53                  <1> 	push	ebx
    55 000001D7 51                  <1> 	push	ecx
    56 000001D8 52                  <1> 	push	edx
    57 000001D9 56                  <1> 	push	esi
    58 000001DA 57                  <1> 	push	edi
    59                              <1> 
    60 000001DB 8B7508              <1> 	mov	esi, [ebp + 8]		; font address
    61 000001DE 8B7D0C              <1> 	mov	edi, [ebp +12]		; vram address
    62 000001E1 0FB64510            <1> 	movzx	eax, byte [ebp +16]	; abs expand
    63 000001E5 0FB75D14            <1> 	movzx	ebx, word [ebp +20]	; abs expand. color
    64                              <1> 
    65                              <1> 	; DX is mask value
    66 000001E9 84C7                <1> 	test	bh, al			; BACK
    67 000001EB 0F94C6              <1> 	setz	dh			; DH = ZF ? 0x01 : 0x00
    68 000001EE FECE                <1> 	dec	dh			; DH = ZF ? 0x00 : 0xFF
    69                              <1> 
    70 000001F0 84C3                <1> 	test	bl, al			; FORWARD
    71 000001F2 0F94C2              <1> 	setz	dl
    72 000001F5 FECA                <1> 	dec	dl
    73                              <1> 
    74 000001F7 FC                  <1> 	cld	; Direction PLUS
    75                              <1> 
    76 000001F8 B910000000          <1> 	mov	ecx, 16			; 16 dot
    77                              <1> .10L:
    78 000001FD AC                  <1> 	lodsb				; AX = [ESI],ESI++
    79 000001FE 88C4                <1> 	mov	ah, al			; AL is font data
    80 00000200 F6D4                <1> 	not	ah			; AH is anti font data
    81                              <1> 
    82 00000202 20D0                <1> 	and	al, dl			; FORWARD font data
    83                              <1> 
    84 00000204 F7C310000000        <1> 	test	ebx, 0b00010000		; I bit
    85 0000020A 7404                <1> 	jz	.11F
    86 0000020C 2227                <1> 	and	ah, [edi]
    87 0000020E EB02                <1> 	jmp	.11E
    88                              <1> .11F:
    89 00000210 20F4                <1> 	and	ah, dh			; normal
    90                              <1> .11E:
    91 00000212 08E0                <1> 	or	al,ah
    92 00000214 8807                <1> 	mov	[edi],al
    93                              <1> 
    94 00000216 83C750              <1> 	add	edi,80			; next
    95 00000219 E2E2                <1> 	loop	.10L
    96                              <1> .10E:
    97                              <1> 
    98 0000021B 5F                  <1> 	pop	edi
    99 0000021C 5E                  <1> 	pop	esi
   100 0000021D 5A                  <1> 	pop	edx
   101 0000021E 59                  <1> 	pop	ecx
   102 0000021F 5B                  <1> 	pop	ebx
   103 00000220 58                  <1> 	pop	eax
   104                              <1> 
   105 00000221 89EC                <1> 	mov	esp, ebp
   106 00000223 5D                  <1> 	pop	ebp
   107                              <1> 
   108 00000224 C3                  <1> 	ret
   109                              <1> 
   110                              <1> 	
   111                              <1> vram_bit_copy:
   112 00000225 55                  <1> 	push	ebp
   113 00000226 89E5                <1> 	mov	ebp, esp
   114                              <1> 
   115 00000228 57                  <1> 	push	edi
   116 00000229 50                  <1> 	push	eax
   117 0000022A 53                  <1> 	push	ebx
   118                              <1> 
   119 0000022B 8B7D0C              <1> 	mov	edi, [ebp +12]	; vram address
   120 0000022E 0FB64510            <1> 	movzx	eax, byte [ebp +16]	; plane
   121 00000232 0FB75D14            <1> 	movzx	ebx, word [ebp +20]	; color
   122                              <1> 
   123 00000236 84C3                <1> 	test	bl, al
   124 00000238 0F94C3              <1> 	setz	bl
   125 0000023B FECB                <1> 	dec	bl
   126                              <1> 
   127 0000023D 8A4508              <1> 	mov	al, [ebp + 8]	; bit pattern
   128 00000240 88C4                <1> 	mov	ah, al
   129 00000242 F6D4                <1> 	not	ah
   130                              <1> 	; AL = (bit pattern), AH = ~(bit pattern)
   131                              <1> 
   132 00000244 2227                <1> 	and	ah, [edi]	; [edi] is now data
   133 00000246 20D8                <1> 	and	al, bl
   134 00000248 08E0                <1> 	or	al, ah
   135 0000024A 8807                <1> 	mov	[edi], al
   136                              <1> 
   137 0000024C 5B                  <1> 	pop	ebx
   138 0000024D 58                  <1> 	pop	eax
   139 0000024E 5F                  <1> 	pop	edi
   140                              <1> 
   141 0000024F 89EC                <1> 	mov	esp, ebp
   142 00000251 5D                  <1> 	pop	ebp
   143                              <1> 
   144 00000252 C3                  <1> 	ret
   145                              <1> 
    93                                  %include	"../modules/protect/draw_char.s"
     1                              <1> draw_char:
     2                              <1> ; draw_char(row,col,color,ch)
     3 00000253 55                  <1> 	push	ebp
     4 00000254 89E5                <1> 	mov	ebp, esp
     5                              <1> 
     6 00000256 56                  <1> 	push	esi
     7 00000257 57                  <1> 	push	edi
     8 00000258 50                  <1> 	push	eax
     9 00000259 53                  <1> 	push	ebx
    10 0000025A 51                  <1> 	push	ecx
    11 0000025B 52                  <1> 	push	edx
    12                              <1> 
    13 0000025C 0FB67514            <1> 	movzx	esi, byte [ebp + 20]	; esi = ch
    14 00000260 C1E604              <1> 	shl	esi, 4
    15 00000263 0335[98010000]      <1> 	add	esi, [FONT_ADR]
    16                              <1> 
    17 00000269 8B7D0C              <1> 	mov	edi, [ebp +12]
    18 0000026C C1E708              <1> 	shl	edi, 8
    19 0000026F 8DBCBF00000A00      <1> 	lea	edi, [edi * 4 + edi + 0x000A_0000]
    20 00000276 037D08              <1> 	add	edi, [ebp + 8]
    21                              <1> 
    22 00000279 0FB75D10            <1> 	movzx	ebx, word [ebp +16]
    23                              <1> 
    24 0000027D 6A03E81CFFFFFF6683- <1> 	cdecl	vga_set_read_plane, 0x03
    24 00000286 C404                <1>
    25 00000288 6A08E82AFFFFFF6683- <1> 	cdecl	vga_set_write_plane, 0x08
    25 00000291 C404                <1>
    26 00000293 536A085756E835FFFF- <1> 	cdecl	vram_font_copy, esi, edi, 0x08, ebx
    26 0000029C FF6683C410          <1>
    27                              <1> 
    28 000002A1 6A02E8F8FEFFFF6683- <1> 	cdecl	vga_set_read_plane, 0x02
    28 000002AA C404                <1>
    29 000002AC 6A04E806FFFFFF6683- <1> 	cdecl	vga_set_write_plane, 0x04
    29 000002B5 C404                <1>
    30 000002B7 536A045756E811FFFF- <1> 	cdecl	vram_font_copy, esi, edi, 0x04, ebx
    30 000002C0 FF6683C410          <1>
    31                              <1> 
    32 000002C5 6A01E8D4FEFFFF6683- <1> 	cdecl	vga_set_read_plane, 0x01
    32 000002CE C404                <1>
    33 000002D0 6A02E8E2FEFFFF6683- <1> 	cdecl	vga_set_write_plane, 0x02
    33 000002D9 C404                <1>
    34 000002DB 536A025756E8EDFEFF- <1> 	cdecl	vram_font_copy, esi, edi, 0x02, ebx
    34 000002E4 FF6683C410          <1>
    35                              <1> 	
    36 000002E9 6A00E8B0FEFFFF6683- <1> 	cdecl	vga_set_read_plane, 0x00
    36 000002F2 C404                <1>
    37 000002F4 6A01E8BEFEFFFF6683- <1> 	cdecl	vga_set_write_plane, 0x01
    37 000002FD C404                <1>
    38 000002FF 536A015756E8C9FEFF- <1> 	cdecl	vram_font_copy, esi, edi, 0x01, ebx
    38 00000308 FF6683C410          <1>
    39                              <1> 
    40 0000030D 5A                  <1> 	pop	edx
    41 0000030E 59                  <1> 	pop	ecx
    42 0000030F 5B                  <1> 	pop	ebx
    43 00000310 58                  <1> 	pop	eax
    44 00000311 5F                  <1> 	pop	edi
    45 00000312 5E                  <1> 	pop	esi
    46                              <1> 
    47 00000313 89EC                <1> 	mov	esp, ebp
    48 00000315 5D                  <1> 	pop	ebp
    49                              <1> 
    50 00000316 C3                  <1> 	ret
    51                              <1> 
    52                              <1> 	
    94                                  %include	"../modules/protect/draw_font.s"
     1                              <1> draw_font:
     2 00000317 55                  <1> 	push	ebp
     3 00000318 89E5                <1> 	mov	ebp, esp
     4                              <1> 
     5 0000031A 50                  <1> 	push	eax
     6 0000031B 53                  <1> 	push	ebx
     7 0000031C 51                  <1> 	push	ecx
     8                              <1> 
     9 0000031D B900000000          <1> 	mov	ecx, 0
    10                              <1> .10L:
    11 00000322 81F900010000        <1> 	cmp	ecx,256
    12 00000328 7321                <1> 	jae	.10E
    13                              <1> 
    14 0000032A 89C8                <1> 	mov	eax, ecx
    15 0000032C 83E00F              <1> 	and	eax, 0b00001111
    16 0000032F 034508              <1> 	add	eax, [ebp + 8]
    17                              <1> 
    18 00000332 89CB                <1> 	mov	ebx, ecx
    19 00000334 C1EB04              <1> 	shr	ebx, 4
    20 00000337 035D0C              <1> 	add	ebx, [ebp +12]
    21                              <1> 
    22 0000033A 516A075350E80FFFFF- <1> 	cdecl	draw_char, eax, ebx, 0x07, ecx
    22 00000343 FF6683C410          <1>
    23                              <1> 	
    24 00000348 41                  <1> 	inc	ecx
    25 00000349 EBD7                <1> 	jmp	.10L
    26                              <1> 
    27                              <1> .10E:
    28                              <1> 
    29 0000034B 59                  <1> 	pop	ecx
    30 0000034C 5B                  <1> 	pop	ebx
    31 0000034D 58                  <1> 	pop	eax
    32                              <1> 
    33 0000034E 89EC                <1> 	mov	esp, ebp
    34 00000350 5D                  <1> 	pop	ebp
    35                              <1> 
    36 00000351 C3                  <1> 	ret
    37                              <1> 
    38                              <1> 
    39                              <1> 
    95                                  %include	"../modules/protect/draw_str.s"
     1                              <1> draw_str:	; draw_str(row,col,color,str)
     2 00000352 55                  <1> 	push	ebp
     3 00000353 89E5                <1> 	mov	ebp, esp
     4                              <1> 	
     5 00000355 50                  <1> 	push	eax
     6 00000356 53                  <1> 	push	ebx
     7 00000357 51                  <1> 	push	ecx
     8 00000358 52                  <1> 	push	edx
     9 00000359 56                  <1> 	push	esi
    10                              <1> 
    11 0000035A 8B5D08              <1> 	mov	ebx, [ebp + 8]
    12 0000035D 8B4D0C              <1> 	mov	ecx, [ebp +12]
    13 00000360 0FB75510            <1> 	movzx	edx, word [ebp +16]
    14 00000364 8B7514              <1> 	mov	esi, [ebp +20]
    15                              <1> 	
    16 00000367 FC                  <1> 	cld
    17                              <1> .10L:
    18                              <1> 	;mov	eax, 0
    19 00000368 AC                  <1> 	lodsb
    20 00000369 3C00                <1> 	cmp	al, 0
    21 0000036B 7425                <1> 	je	.10E
    22 0000036D 50525153E8DDFEFFFF- <1> 	cdecl	draw_char, ebx, ecx, edx, eax
    22 00000376 6683C410            <1>
    23 0000037A 43                  <1> 	inc	ebx
    24 0000037B 83FB50              <1> 	cmp	ebx, 80
    25 0000037E 7CE8                <1> 	jl	.10L
    26 00000380 BB00000000          <1> 	mov	ebx, 0
    27 00000385 41                  <1> 	inc	ecx
    28 00000386 83F91E              <1> 	cmp	ecx, 30
    29 00000389 7CDD                <1> 	jl	.10L
    30 0000038B B900000000          <1> 	mov	ecx, 0
    31                              <1> 	
    32 00000390 EBD6                <1> 	jmp	.10L
    33                              <1> .10E:
    34                              <1> 
    35 00000392 5E                  <1> 	pop	esi
    36 00000393 5A                  <1> 	pop	edx
    37 00000394 59                  <1> 	pop	ecx
    38 00000395 5B                  <1> 	pop	ebx
    39 00000396 58                  <1> 	pop	eax
    40                              <1> 
    41 00000397 89EC                <1> 	mov	esp, ebp
    42 00000399 5D                  <1> 	pop	ebp
    43                              <1> 
    44 0000039A C3                  <1> 	ret
    96                                  %include	"../modules/protect/draw_color_bar.s"
     1                              <1> draw_color_bar:	; draw_color_bar(row,col)
     2 0000039B 55                  <1> 	push	ebp
     3 0000039C 89E5                <1> 	mov	ebp, esp
     4                              <1> 
     5 0000039E 56                  <1> 	push	esi
     6 0000039F 57                  <1> 	push	edi
     7 000003A0 50                  <1> 	push	eax
     8 000003A1 53                  <1> 	push	ebx
     9 000003A2 51                  <1> 	push	ecx
    10 000003A3 52                  <1> 	push	edx
    11                              <1> 
    12 000003A4 8B7508              <1> 	mov	esi, [ebp + 8]
    13 000003A7 8B7D0C              <1> 	mov	edi, [ebp +12]
    14                              <1> 
    15 000003AA B900000000          <1> 	mov	ecx, 0		; counter
    16                              <1> .10L:
    17 000003AF 83F910              <1> 	cmp	ecx, 16
    18 000003B2 732E                <1> 	jae	.10E
    19                              <1> 
    20 000003B4 89C8                <1> 	mov	eax, ecx
    21 000003B6 83E001              <1> 	and	eax, 0x01	; % 2
    22 000003B9 C1E003              <1> 	shl	eax, 3		; *= 8
    23 000003BC 01F0                <1> 	add	eax, esi
    24                              <1> 
    25 000003BE 89CB                <1> 	mov	ebx, ecx
    26 000003C0 D1EB                <1> 	shr	ebx, 1		; / 2
    27 000003C2 01FB                <1> 	add	ebx, edi	
    28                              <1> 
    29                              <1> 	; (x,y) = (eax,ebx)
    30                              <1> 
    31 000003C4 89CA                <1> 	mov	edx, ecx
    32 000003C6 D1E2                <1> 	shl	edx, 1
    33 000003C8 8B92[F5030000]      <1> 	mov	edx, [.t0 + edx]	; select color
    34                              <1> 
    35 000003CE 68[EC030000]525350- <1> 	cdecl	draw_str, eax, ebx, edx, .s0
    35 000003D6 E877FFFFFF6683C410  <1>
    36                              <1> 
    37 000003DF 41                  <1> 	inc	ecx
    38 000003E0 EBCD                <1> 	jmp	.10L
    39                              <1> 
    40                              <1> .10E:
    41 000003E2 52                  <1> 	push	edx	
    42 000003E3 51                  <1> 	push	ecx	
    43 000003E4 53                  <1> 	push	ebx	
    44 000003E5 50                  <1> 	push	eax	
    45 000003E6 57                  <1> 	push	edi	
    46 000003E7 56                  <1> 	push	esi	
    47                              <1> 
    48 000003E8 89EC                <1> 	mov	esp, ebp
    49 000003EA 5D                  <1> 	pop	ebp
    50                              <1> 
    51 000003EB C3                  <1> 	ret
    52                              <1> 
    53                              <1> ;.s0:	db	"        ",0
    54 000003EC 202020202020202000  <1> .s0:    db '        ', 0
    55                              <1> 
    56 000003F5 00000008            <1> .t0:	dw 0x0000,0x0800
    57 000003F9 00010009            <1> 	dw 0x0100,0x0900
    58 000003FD 0002000A            <1> 	dw 0x0200,0x0A00
    59 00000401 0003000B            <1> 	dw 0x0300,0x0B00
    60 00000405 0004000C            <1> 	dw 0x0400,0x0C00
    61 00000409 0005000D            <1> 	dw 0x0500,0x0D00
    62 0000040D 0006000E            <1> 	dw 0x0600,0x0E00
    63 00000411 0007000F            <1> 	dw 0x0700,0x0F00
    97                                  %include	"../modules/protect/draw_pixel.s"
     1                              <1> draw_pixel:	; draw_pixel(X,Y,color)
     2                              <1> ; X,Y is PIXEL data
     3 00000415 55                  <1> 	push	ebp
     4 00000416 89E5                <1> 	mov	ebp, esp
     5                              <1> 
     6 00000418 57                  <1> 	push	edi
     7 00000419 53                  <1> 	push	ebx
     8 0000041A 51                  <1> 	push	ecx
     9                              <1> 
    10 0000041B 8B7D0C              <1> 	mov	edi, [ebp +12]
    11 0000041E C1E704              <1> 	shl	edi, 4
    12 00000421 8DBCBF00000A00      <1> 	lea	edi, [edi * 4 + edi + 0x000A_0000]
    13                              <1> 
    14 00000428 8B5D08              <1> 	mov	ebx, [ebp + 8]	
    15 0000042B 89D9                <1> 	mov	ecx, ebx
    16 0000042D C1EB03              <1> 	shr	ebx, 3
    17 00000430 01DF                <1> 	add	edi, ebx
    18                              <1> 
    19 00000432 83E107              <1> 	and	ecx, 0x07
    20 00000435 BB80000000          <1> 	mov	ebx, 0b1000_0000
    21                              <1> 	; for examle. ecx = 1
    22                              <1> 	; ebx = 0b0100_0000
    23 0000043A D3EB                <1> 	shr	ebx, cl
    24                              <1> 	
    25 0000043C 8B4D10              <1> 	mov	ecx, [ebp +16]	; color
    26                              <1> 
    27 0000043F 6A03E85AFDFFFF6683- <1> 	cdecl	vga_set_read_plane, 0x03
    27 00000448 C404                <1>
    28 0000044A 6A08E868FDFFFF6683- <1> 	cdecl	vga_set_write_plane, 0x08
    28 00000453 C404                <1>
    29 00000455 516A085753E8C6FDFF- <1> 	cdecl	vram_bit_copy, ebx, edi, 0x08, ecx
    29 0000045E FF6683C410          <1>
    30                              <1> 	; vram_bit_copy
    31                              <1> 	; bit_pattarn, address, plane, color
    32                              <1> 
    33 00000463 6A02E836FDFFFF6683- <1> 	cdecl	vga_set_read_plane, 0x02
    33 0000046C C404                <1>
    34 0000046E 6A04E844FDFFFF6683- <1> 	cdecl	vga_set_write_plane, 0x04
    34 00000477 C404                <1>
    35 00000479 516A045753E8A2FDFF- <1> 	cdecl	vram_bit_copy, ebx, edi, 0x04, ecx
    35 00000482 FF6683C410          <1>
    36                              <1> 	
    37 00000487 6A01E812FDFFFF6683- <1> 	cdecl	vga_set_read_plane, 0x01
    37 00000490 C404                <1>
    38 00000492 6A02E820FDFFFF6683- <1> 	cdecl	vga_set_write_plane, 0x02
    38 0000049B C404                <1>
    39 0000049D 516A025753E87EFDFF- <1> 	cdecl	vram_bit_copy, ebx, edi, 0x02, ecx
    39 000004A6 FF6683C410          <1>
    40                              <1> 	
    41 000004AB 6A00E8EEFCFFFF6683- <1> 	cdecl	vga_set_read_plane, 0x00
    41 000004B4 C404                <1>
    42 000004B6 6A01E8FCFCFFFF6683- <1> 	cdecl	vga_set_write_plane, 0x01
    42 000004BF C404                <1>
    43 000004C1 516A015753E85AFDFF- <1> 	cdecl	vram_bit_copy, ebx, edi, 0x01, ecx
    43 000004CA FF6683C410          <1>
    44                              <1> 
    45 000004CF 59                  <1> 	pop	ecx
    46 000004D0 5B                  <1> 	pop	ebx
    47 000004D1 5F                  <1> 	pop	edi
    48                              <1> 
    49 000004D2 89EC                <1> 	mov	esp, ebp
    50 000004D4 5D                  <1> 	pop	ebp
    51                              <1> 
    52 000004D5 C3                  <1> 	ret
    53                              <1> 
    98                                  %include	"../modules/protect/draw_line.s"
     1                              <1> draw_line:	; draw_line(X0,Y0,X1,Y0,color)
     2 000004D6 55                  <1> 	push	ebp
     3 000004D7 89E5                <1> 	mov	ebp, esp
     4                              <1> 
     5 000004D9 6A00                <1> 	push	dword 0	; SUM: - 4
     6 000004DB 6A00                <1> 	push	dword 0	; x0 : - 8
     7 000004DD 6A00                <1> 	push	dword 0	; wid: -12
     8 000004DF 6A00                <1> 	push	dword 0	; inx: -16
     9 000004E1 6A00                <1> 	push	dword 0	; y0 : -20
    10 000004E3 6A00                <1> 	push	dword 0	; hei: -24
    11 000004E5 6A00                <1> 	push	dword 0	; iny: -28
    12                              <1> 
    13 000004E7 50                  <1> 	push	eax
    14 000004E8 53                  <1> 	push	ebx
    15 000004E9 51                  <1> 	push	ecx
    16 000004EA 52                  <1> 	push	edx
    17 000004EB 56                  <1> 	push	esi
    18 000004EC 57                  <1> 	push	edi
    19                              <1> 
    20 000004ED 8B4508              <1> 	mov	eax, [ebp + 8]
    21 000004F0 8B5D10              <1> 	mov	ebx, [ebp +16]
    22 000004F3 29C3                <1> 	sub	ebx, eax	; X1 - X0
    23 000004F5 7D09                <1> 	jge	.10F
    24                              <1> 	
    25 000004F7 F7DB                <1> 	neg	ebx
    26 000004F9 BEFFFFFFFF          <1> 	mov	esi, -1
    27 000004FE EB05                <1> 	jmp	.10E
    28                              <1> .10F:
    29 00000500 BE01000000          <1> 	mov	esi, 1
    30                              <1> .10E:
    31                              <1> 	
    32 00000505 8B4D0C              <1> 	mov	ecx, [ebp +12]
    33 00000508 8B5514              <1> 	mov	edx, [ebp +20]
    34 0000050B 29CA                <1> 	sub	edx, ecx
    35 0000050D 7D09                <1> 	jge	.20F
    36                              <1> 
    37 0000050F F7DA                <1> 	neg	edx
    38 00000511 BFFFFFFFFF          <1> 	mov	edi, -1
    39 00000516 EB05                <1> 	jmp	.20E
    40                              <1> .20F:
    41 00000518 BF01000000          <1> 	mov	edi, 1
    42                              <1> .20E:
    43                              <1> 	
    44 0000051D 8945F8              <1> 	mov	[ebp - 8], eax	; start.x
    45 00000520 895DF4              <1> 	mov	[ebp -12], ebx	; width
    46 00000523 8975F0              <1> 	mov	[ebp -16], esi	; inc_x
    47                              <1> 
    48 00000526 894DEC              <1> 	mov	[ebp -20], ecx	; start.y
    49 00000529 8955E8              <1> 	mov	[ebp -24], edx	; hegiht
    50 0000052C 897DE4              <1> 	mov	[ebp -28], edi	; inc_y
    51                              <1> 
    52 0000052F 39D3                <1> 	cmp	ebx, edx
    53 00000531 7F08                <1> 	jg	.22F		; determin abs axis
    54                              <1> 
    55 00000533 8D75EC              <1> 	lea	esi, [ebp -20]
    56 00000536 8D7DF8              <1> 	lea	edi, [ebp - 8]
    57                              <1> 	
    58 00000539 EB06                <1> 	jmp	.22E
    59                              <1> .22F:
    60 0000053B 8D75F8              <1> 	lea	esi, [ebp - 8]
    61 0000053E 8D7DEC              <1> 	lea	edi, [ebp -20]
    62                              <1> .22E:
    63                              <1> 	; ESI, EDI is "ADDRESS"
    64                              <1> 
    65 00000541 8B4EFC              <1> 	mov	ecx, [esi - 4]	; Abs axis
    66 00000544 83F900              <1> 	cmp	ecx, 0
    67 00000547 7505                <1> 	jnz	.30E
    68 00000549 B901000000          <1> 	mov	ecx, 1		; not have length
    69                              <1> .30E:
    70                              <1> 	
    71                              <1> .50L:
    72                              <1> 	;cdecl	draw_pixel,	dword [ebp - 8], \	; x0
    73                              <1> 	;			dword [ebp -20], \	; y0
    74                              <1> 	;			dword [ebp +24]		; color
    75 0000054E FF7518FF75ECFF75F8- <1>         cdecl draw_pixel, dword [ebp - 8], dword [ebp - 20], dword [ebp + 24]
    75 00000557 E8B9FEFFFF6683C40C  <1>
    76                              <1> 	
    77                              <1> 	; update coordinate
    78 00000560 8B46F8              <1> 	mov	eax, [esi - 8] 	; abs axis -1 or 0 or -1
    79 00000563 0106                <1> 	add	[esi - 0], eax	; abs coordinate
    80                              <1> 
    81 00000565 8B45FC              <1> 	mov	eax, [ebp - 4]
    82 00000568 0347FC              <1> 	add	eax, [edi - 4]
    83 0000056B 8B5EFC              <1> 	mov	ebx, [esi - 4]
    84                              <1> 
    85 0000056E 39D8                <1> 	cmp	eax, ebx
    86 00000570 7C07                <1> 	jl	.52E
    87 00000572 29D8                <1> 	sub	eax, ebx	; sum -= wid
    88                              <1> 	; sum can only add -1 or 1
    89                              <1> 	; so. not be  "dif * 2 < sum" 
    90                              <1> 
    91 00000574 8B5FF8              <1> 	mov	ebx, [edi - 8]	; ebx = inc
    92 00000577 011F                <1> 	add	[edi - 0], ebx
    93                              <1> .52E:
    94 00000579 8945FC              <1> 	mov	[ebp - 4], eax	; sum = eax
    95                              <1> 
    96 0000057C E2D0                <1> 	loop	.50L
    97                              <1> .50E:
    98                              <1> 
    99                              <1> 
   100 0000057E 5F                  <1> 	pop	edi
   101 0000057F 5E                  <1> 	pop	esi
   102 00000580 5A                  <1> 	pop	edx
   103 00000581 59                  <1> 	pop	ecx
   104 00000582 5B                  <1> 	pop	ebx
   105 00000583 58                  <1> 	pop	eax
   106                              <1> 
   107 00000584 89EC                <1> 	mov	esp, ebp
   108 00000586 5D                  <1> 	pop	ebp
   109                              <1> 
   110 00000587 C3                  <1> 	ret
   111                              <1> 
   112                              <1> 
    99                                  %include	"../modules/protect/draw_rect.s"
     1                              <1> draw_rect:	; draw_rect(x0,y0,x1,y1,color)
     2 00000588 55                  <1> 	push	ebp
     3 00000589 89E5                <1> 	mov	ebp, esp
     4                              <1> 
     5 0000058B 50                  <1> 	push	eax
     6 0000058C 53                  <1> 	push	ebx
     7 0000058D 51                  <1> 	push	ecx
     8 0000058E 52                  <1> 	push	edx
     9 0000058F 56                  <1> 	push	esi
    10                              <1> 
    11 00000590 8B4508              <1> 	mov	eax, [ebp + 8]	; x0
    12 00000593 8B5D0C              <1> 	mov	ebx, [ebp +12]	; y0
    13 00000596 8B4D10              <1> 	mov	ecx, [ebp +16]	; x1
    14 00000599 8B5514              <1> 	mov	edx, [ebp +20]	; y1
    15 0000059C 8B7518              <1> 	mov	esi, [ebp +24]	; color
    16                              <1> 
    17                              <1> 	; make "eax(x0) <= ebx(x1)" and
    18                              <1> 	;      "ecx(y0) <= edx(y1)"
    19                              <1> 	
    20 0000059F 39C8                <1> 	cmp	eax, ecx
    21 000005A1 7C01                <1> 	jl	.10E		; OK
    22 000005A3 91                  <1> 	xchg	eax, ecx
    23                              <1> .10E:
    24 000005A4 39D3                <1> 	cmp	ebx, edx
    25 000005A6 7C02                <1> 	jl	.20E		; OK
    26 000005A8 87DA                <1> 	xchg	ebx, edx
    27                              <1> .20E:
    28                              <1> 	; (EAX,EBX) -------- (ECX,EBX)
    29                              <1> 	;     |			 |
    30                              <1> 	;     |			 |
    31                              <1> 	;     |			 |
    32                              <1> 	;     |			 |
    33                              <1> 	; (EAX,EDX) -------- (ECX,EDX)
    34                              <1> 
    35 000005AA 5653515350E822FFFF- <1> 	cdecl	draw_line, eax, ebx, ecx, ebx, esi
    35 000005B3 FF6683C414          <1>
    36 000005B8 5652505350E814FFFF- <1> 	cdecl	draw_line, eax, ebx, eax, edx, esi
    36 000005C1 FF6683C414          <1>
    37                              <1> 
    38 000005C6 4A                  <1> 	dec	edx
    39 000005C7 5652515250E805FFFF- <1> 	cdecl	draw_line, eax, edx, ecx, edx, esi
    39 000005D0 FF6683C414          <1>
    40 000005D5 42                  <1> 	inc	edx
    41                              <1> 
    42 000005D6 49                  <1> 	dec	ecx
    43 000005D7 5652515351E8F5FEFF- <1> 	cdecl	draw_line, ecx, ebx, ecx, edx, esi
    43 000005E0 FF6683C414          <1>
    44                              <1> 
    45 000005E5 5E                  <1> 	pop	esi
    46 000005E6 5A                  <1> 	pop	edx
    47 000005E7 59                  <1> 	pop	ecx
    48 000005E8 5B                  <1> 	pop	ebx
    49 000005E9 58                  <1> 	pop	eax
    50                              <1> 
    51 000005EA 89EC                <1> 	mov	esp, ebp
    52 000005EC 5D                  <1> 	pop	ebp
    53                              <1> 
    54 000005ED C3                  <1> 	ret
    55                              <1> 
   100                                  %include	"../modules/protect/itoa.s"
     1                              <1> itoa:	;itoa(num,buf,size,radix,flag);
     2 000005EE 55                  <1> 	push 	ebp
     3 000005EF 89E5                <1> 	mov	ebp, esp
     4                              <1> 
     5 000005F1 50                  <1> 	push	eax
     6 000005F2 53                  <1> 	push	ebx
     7 000005F3 51                  <1> 	push	ecx
     8 000005F4 52                  <1> 	push	edx
     9 000005F5 56                  <1> 	push	esi
    10 000005F6 57                  <1> 	push	edi
    11                              <1> 
    12                              <1> 
    13                              <1> 	;init
    14 000005F7 0FB75D18            <1> 	movzx	ebx, word [ebp + 24]	; bx = flag
    15 000005FB 8B4D10              <1> 	mov	ecx, [ebp + 16]	; cx = size
    16 000005FE 8B750C              <1> 	mov	esi, [ebp + 12]	; si = dist
    17                              <1> 
    18 00000601 89F7                <1> 	mov	edi, esi
    19                              <1> 
    20                              <1> 	;cmp	cx,0
    21                              <1> 	;jg	.10A
    22                              <1> 	;jmp	.40A		; no buffer
    23                              <1> 
    24                              <1> .10A:				; start
    25                              <1> 
    26 00000603 B020                <1> 	mov	al,' '
    27 00000605 F7C304000000        <1> 	test	ebx, 0b0100
    28 0000060B 7402                <1> 	je	.42E
    29 0000060D B030                <1> 	mov	al,'0'
    30                              <1> .42E:
    31 0000060F FC                  <1> 	cld
    32 00000610 F3AA                <1> 	rep	stosb
    33                              <1> 
    34 00000612 8B4508              <1> 	mov	eax, [ebp + 8]	; ax = num	
    35 00000615 8B4D10              <1> 	mov	ecx, [ebp + 16]	; cx = size
    36 00000618 89F7                <1> 	mov	edi, esi
    37 0000061A 01CF                <1> 	add	edi, ecx		; di is tail of buffer
    38 0000061C 4F                  <1> 	dec	edi
    39                              <1> 
    40 0000061D F7C301000000        <1> 	test	ebx, 0b0001	; tmp flag.is_signed
    41 00000623 7408                <1> .10Q:	jz	.10E		; if tmp == unsigned 
    42 00000625 83F800              <1>   	cmp	eax, 0		; check(ax - 0)
    43 00000628 7D03                <1> .12Q:	jge	.12E		; if 0 <= ax goto .12E
    44 0000062A 83CB02              <1> 	or	ebx, 0b0010	; flag |= print_sign
    45                              <1> .12E:
    46                              <1> .10E:
    47                              <1> 	
    48                              <1> 
    49 0000062D F7C302000000        <1> 	test	ebx, 0b0010	; if flag.print_size
    50 00000633 7410                <1> .20Q:	je	.20E		; not print sign
    51 00000635 83F800              <1> 	cmp 	eax,0		; check(ax - 0)
    52 00000638 7D07                <1> 	jge	.22F		; if 0 <= ax got .22F
    53 0000063A F7D8                <1> 	neg	eax		; ax *= -1
    54 0000063C C6062D              <1> 	mov	[esi], byte '-'
    55 0000063F EB03                <1> 	jmp	.22E
    56 00000641 C6062B              <1> .22F:	mov	[esi], byte '+'
    57 00000644 49                  <1> .22E:	dec	ecx		; finaly
    58                              <1> .20E:
    59                              <1> 
    60 00000645 8B5D14              <1> 	mov	ebx,[ebp + 20]	; bx = radix
    61                              <1> .30L:
    62                              <1> 	
    63 00000648 BA00000000          <1> 	mov	edx, 0
    64 0000064D F7F3                <1> 	div	ebx		; DX = AX % radix
    65                              <1> 				; AX = AX / radix
    66                              <1> 
    67 0000064F 89D6                <1> 	mov	esi, edx
    68 00000651 8A96[69060000]      <1> 	mov	dl, byte [.ascii + esi]	; DL = ASCII[DX]
    69                              <1> 
    70 00000657 8817                <1> 	mov	[edi],dl		; start writing in tail of buffer
    71 00000659 4F                  <1> 	dec	edi
    72                              <1> 
    73 0000065A 83F800              <1> 	cmp	eax,0
    74 0000065D E0E9                <1> 	loopnz	.30L
    75                              <1> 
    76                              <1> .40A:
    77                              <1> 
    78 0000065F 5F                  <1> 	pop	edi
    79 00000660 5E                  <1> 	pop	esi
    80 00000661 5A                  <1> 	pop	edx
    81 00000662 59                  <1> 	pop	ecx
    82 00000663 5B                  <1> 	pop	ebx
    83 00000664 58                  <1> 	pop	eax
    84                              <1> 
    85 00000665 89EC                <1> 	mov	esp, ebp
    86 00000667 5D                  <1> 	pop	ebp
    87                              <1> 
    88 00000668 C3                  <1> 	ret
    89                              <1> 
    90 00000669 303132333435363738- <1> .ascii	db	"0123456789ABCDEF"
    90 00000672 39414243444546      <1>
    91                              <1> 
    92                              <1> 	
    93                              <1> 	
    94                              <1> 	
   101                                  %include	"../modules/protect/draw_time.s"
     1                              <1> draw_time:	; draw_time(col, row, color, time)
     2 00000679 55                  <1> 	push	ebp
     3 0000067A 89E5                <1> 	mov	ebp, esp
     4                              <1> 
     5 0000067C 50                  <1> 	push	eax
     6 0000067D 53                  <1> 	push	ebx
     7                              <1> 
     8 0000067E 8B4514              <1> 	mov	eax, [ebp +20]	; time
     9 00000681 0FB6D8              <1> 	movzx	ebx, al		; seconds
    10 00000684 6A046A106A0268-     <1> 	cdecl	itoa, ebx, .sec, 2, 16, 0b0100
    10 0000068B [EB060000]53E859FF- <1>
    10 00000693 FFFF6683C414        <1>
    11                              <1> 
    12 00000699 88E3                <1> 	mov	bl, ah
    13 0000069B 6A046A106A0268-     <1> 	cdecl	itoa, ebx, .min, 2, 16, 0b0100
    13 000006A2 [E8060000]53E842FF- <1>
    13 000006AA FFFF6683C414        <1>
    14                              <1> 	; buffer size is 2. so ignore bh
    15                              <1> 
    16 000006B0 C1E810              <1> 	shr	eax, 16
    17 000006B3 6A046A106A0268-     <1> 	cdecl	itoa, eax, .hour, 2, 16, 0b0100
    17 000006BA [E5060000]50E82AFF- <1>
    17 000006C2 FFFF6683C414        <1>
    18                              <1> 
    19 000006C8 68[E5060000]FF7510- <1> 	cdecl	draw_str, dword[ebp + 8], dword[ebp +12], dword[ebp +16], .hour
    19 000006D0 FF750CFF7508E877FC- <1>
    19 000006D9 FFFF6683C410        <1>
    20                              <1> 
    21 000006DF 5B                  <1> 	pop	ebx
    22 000006E0 58                  <1> 	pop	eax
    23                              <1> 
    24 000006E1 89EC                <1> 	mov	esp, ebp
    25 000006E3 5D                  <1> 	pop	ebp
    26                              <1> 
    27 000006E4 C3                  <1> 	ret
    28                              <1> 
    29                              <1> 
    30 000006E5 5A5A3A              <1> .hour:	db	"ZZ:"
    31 000006E8 5A5A3A              <1> .min:	db	"ZZ:"
    32 000006EB 5A5A00              <1> .sec:	db	"ZZ", 0
   102                                  %include	"../modules/protect/rtc.s"
     1                              <1> rtc_get_time:
     2 000006EE 55                  <1> 	push	ebp
     3 000006EF 89E5                <1> 	mov	ebp, esp
     4                              <1> 
     5 000006F1 53                  <1> 	push	ebx
     6                              <1> 
     7 000006F2 B00A                <1> 	mov	al, 0x0A
     8 000006F4 E670                <1> 	out	0x70, al
     9 000006F6 E471                <1> 	in	al, 0x71
    10                              <1> 
    11 000006F8 A880                <1> 	test	al, 0x80
    12 000006FA 7407                <1> 	je	.10F
    13 000006FC B801000000          <1> 	mov	eax, 1		; data updating. error
    14 00000701 EB27                <1> 	jmp	.10E
    15                              <1> .10F:
    16 00000703 B004                <1> 	mov	al, 0x04	; Hour
    17 00000705 E670                <1> 	out	0x70, al
    18 00000707 E471                <1> 	in	al, 0x71
    19                              <1> 	
    20 00000709 C1E008              <1> 	shl	eax, 8
    21                              <1> 
    22 0000070C B002                <1> 	mov	al, 0x02
    23 0000070E E670                <1> 	out	0x70, al
    24 00000710 E471                <1> 	in	al, 0x71
    25                              <1> 
    26 00000712 C1E008              <1> 	shl	eax, 8
    27                              <1> 	
    28 00000715 B000                <1> 	mov	al, 0x00
    29 00000717 E670                <1> 	out	0x70, al
    30 00000719 E471                <1> 	in	al, 0x71
    31                              <1> 
    32 0000071B 25FFFFFF00          <1> 	and	eax, 0x00FFFFFF
    33                              <1> 
    34                              <1> 	; EAX             AX,AH   AL
    35                              <1> 	; ----====----====----====----====
    36                              <1> 	; 00000000[ HOUR ][  MIN ][  SEC ]
    37                              <1> 
    38 00000720 8B5D08              <1> 	mov	ebx, [ebp + 8]
    39 00000723 8903                <1> 	mov	[ebx], eax
    40                              <1> 
    41 00000725 B800000000          <1> 	mov	eax, 0
    42                              <1> .10E:
    43                              <1> 
    44 0000072A 5B                  <1> 	pop	ebx
    45                              <1> 
    46 0000072B 89EC                <1> 	mov	esp, ebp
    47 0000072D 5D                  <1> 	pop	ebp
    48                              <1> 
    49 0000072E C3                  <1> 	ret
    50                              <1> 
    51                              <1> 
   103                                  %include	"../modules/protect/int_rtc.s"
     1                              <1> int_rtc:
     2 0000072F 60                  <1> 	pusha		; all registers in stack
     3 00000730 1E                  <1> 	push	ds
     4 00000731 06                  <1> 	push	es
     5                              <1> 
     6                              <1> 	; select second segment
     7 00000732 66B81000            <1> 	mov	ax, 0x0010	; 8 * 2
     8 00000736 8ED8                <1> 	mov	ds, ax
     9 00000738 8EC0                <1> 	mov	es, ax
    10                              <1> 
    11 0000073A 68[9C010000]E8AAFF- <1> 	cdecl	rtc_get_time, RTC_TIME
    11 00000742 FFFF6683C404        <1>
    12                              <1> 
    13                              <1> 	outp	0x70, 0x0C
    13 00000748 B00C                <2>  mov al, %2
    13 0000074A E670                <2>  out %1, al
    14 0000074C E471                <1> 	in	al, 0x71
    15                              <1> 
    16 0000074E B020                <1> 	mov	al, 0x20	; End of interrupt command
    17 00000750 E620                <1> 	out	0x20, al
    18 00000752 E6A0                <1> 	out	0xA0, al
    19                              <1> 
    20 00000754 07                  <1> 	pop	es
    21 00000755 1F                  <1> 	pop	ds
    22 00000756 61                  <1> 	popa
    23                              <1> 
    24 00000757 CF                  <1> 	iret
    25                              <1> 
    26                              <1> rtc_int_en:
    27 00000758 55                  <1> 	push	ebp
    28 00000759 89E5                <1> 	mov	ebp, esp
    29                              <1> 
    30 0000075B 50                  <1> 	push	eax
    31                              <1> 
    32                              <1> 	outp	0x70, 0x0B
    32 0000075C B00B                <2>  mov al, %2
    32 0000075E E670                <2>  out %1, al
    33                              <1> 
    34 00000760 E471                <1> 	in	al, 0x71
    35 00000762 0A4508              <1> 	or	al, [ebp + 8]
    36                              <1> 
    37 00000765 E671                <1> 	out	0x71, al
    38                              <1> 
    39 00000767 58                  <1> 	pop	eax
    40                              <1> 
    41 00000768 89EC                <1> 	mov	esp, ebp
    42 0000076A 5D                  <1> 	pop	ebp
    43                              <1> 
    44 0000076B C3                  <1> 	ret
    45                              <1> 
   104                                  %include	"../modules/protect/pic.s"
     1                              <1> init_pic:	; () -> ()
     2                              <1> ; see p298
     3                              <1> ; ICW -- Initializion command words
     4 0000076C 50                  <1> 	push	eax
     5                              <1> 
     6                              <1> 	outp	0x20, 0x11	; ICW1, ICW4 enable
     6 0000076D B011                <2>  mov al, %2
     6 0000076F E620                <2>  out %1, al
     7                              <1> 	outp	0x21, 0x20	; ICW2, base address is 0x20
     7 00000771 B020                <2>  mov al, %2
     7 00000773 E621                <2>  out %1, al
     8                              <1> 	outp	0x21, 0x04	; ICW3, slave position, 0b0000_0100. on third
     8 00000775 B004                <2>  mov al, %2
     8 00000777 E621                <2>  out %1, al
     9                              <1> 	outp	0x21, 0x05	; ICW4, ???
     9 00000779 B005                <2>  mov al, %2
     9 0000077B E621                <2>  out %1, al
    10                              <1> 	outp	0x21, 0xFF	; mask
    10 0000077D B0FF                <2>  mov al, %2
    10 0000077F E621                <2>  out %1, al
    11                              <1> 
    12                              <1> 	outp	0xA0, 0x11	; ICW1, ICW4 enable
    12 00000781 B011                <2>  mov al, %2
    12 00000783 E6A0                <2>  out %1, al
    13                              <1> 	outp	0xA1, 0x28	; ICW2, base address is 0x28(0x20 + 8(master))
    13 00000785 B028                <2>  mov al, %2
    13 00000787 E6A1                <2>  out %1, al
    14                              <1> 	outp	0xA1, 0x02	; slave ID is 0x02
    14 00000789 B002                <2>  mov al, %2
    14 0000078B E6A1                <2>  out %1, al
    15                              <1> 	outp	0xA1, 0x01	; normal end of interrupt
    15 0000078D B001                <2>  mov al, %2
    15 0000078F E6A1                <2>  out %1, al
    16                              <1> 	outp	0xA1, 0xFF	; mask
    16 00000791 B0FF                <2>  mov al, %2
    16 00000793 E6A1                <2>  out %1, al
    17                              <1> 
    18 00000795 58                  <1> 	pop	eax
    19                              <1> 
    20 00000796 C3                  <1> 	ret
   105                                  %include	"../modules/protect/interrupt.s"
     1                              <1> int_stop:
     2 00000797 FB                  <1> 	sti
     3                              <1> 
     4 00000798 50680F0600006A0F6A- <1> 	cdecl	draw_str, 25, 15, 0x060F, eax
     4 000007A1 19E8ABFBFFFF6683C4- <1>
     4 000007AA 10                  <1>
     5                              <1> 
     6 000007AB 8B0424              <1> 	mov	eax, [esp + 0]
     7 000007AE 6A046A106A0868-     <1> 	cdecl	itoa, eax, .p1, 8, 16, 0b0100
     7 000007B5 [73080000]50E82FFE- <1>
     7 000007BD FFFF6683C414        <1>
     8                              <1> 	
     9 000007C3 8B442404            <1> 	mov	eax, [esp + 4]
    10 000007C7 6A046A106A0868-     <1> 	cdecl	itoa, eax, .p2, 8, 16, 0b0100
    10 000007CE [84080000]50E816FE- <1>
    10 000007D6 FFFF6683C414        <1>
    11                              <1> 	
    12 000007DC 8B442408            <1> 	mov	eax, [esp + 8]
    13 000007E0 6A046A106A0868-     <1> 	cdecl	itoa, eax, .p3, 8, 16, 0b0100
    13 000007E7 [95080000]50E8FDFD- <1>
    13 000007EF FFFF6683C414        <1>
    14                              <1> 	
    15 000007F5 8B44240C            <1> 	mov	eax, [esp +12]
    16 000007F9 6A046A106A0868-     <1> 	cdecl	itoa, eax, .p4, 8, 16, 0b0100
    16 00000800 [A6080000]50E8E4FD- <1>
    16 00000808 FFFF6683C414        <1>
    17                              <1> 
    18 0000080E 68[6C080000]68040F- <1> 	cdecl	draw_str, 25, 16, 0x0F04, .s1
    18 00000816 00006A106A19E831FB- <1>
    18 0000081F FFFF6683C410        <1>
    19 00000825 68[7D080000]68040F- <1> 	cdecl	draw_str, 25, 17, 0x0F04, .s2
    19 0000082D 00006A116A19E81AFB- <1>
    19 00000836 FFFF6683C410        <1>
    20 0000083C 68[8E080000]68040F- <1> 	cdecl	draw_str, 25, 18, 0x0F04, .s3
    20 00000844 00006A126A19E803FB- <1>
    20 0000084D FFFF6683C410        <1>
    21 00000853 68[9F080000]68040F- <1> 	cdecl	draw_str, 25, 19, 0x0F04, .s4
    21 0000085B 00006A136A19E8ECFA- <1>
    21 00000864 FFFF6683C410        <1>
    22                              <1> 
    23 0000086A EBFE                <1> 	jmp	$
    24                              <1> 
    25 0000086C 4553502B20303A      <1> .s1:	db	"ESP+ 0:"
    26 00000873 2D2D2D2D2D2D2D2D20- <1> .p1:	db	"-------- ", 0
    26 0000087C 00                  <1>
    27 0000087D 2020202B20343A      <1> .s2:	db	"   + 4:"
    28 00000884 2D2D2D2D2D2D2D2D20- <1> .p2:	db	"-------- ", 0
    28 0000088D 00                  <1>
    29 0000088E 2020202B20383A      <1> .s3:	db	"   + 8:"
    30 00000895 2D2D2D2D2D2D2D2D20- <1> .p3:	db	"-------- ", 0
    30 0000089E 00                  <1>
    31 0000089F 2020202B31323A      <1> .s4:	db	"   +12:"
    32 000008A6 2D2D2D2D2D2D2D2D20- <1> .p4:	db	"-------- ", 0
    32 000008AF 00                  <1>
    33                              <1> 	
    34                              <1> 
    35                              <1> int_default:
    36 000008B0 9C                  <1> 	pushf
    37 000008B1 0E                  <1> 	push	cs
    38 000008B2 68[97070000]        <1> 	push	int_stop
    39                              <1> 
    40 000008B7 B8[BD080000]        <1> 	mov	eax, .s0
    41 000008BC CF                  <1> 	iret
    42                              <1> 
    43 000008BD 203C2020202053544F- <1> .s0:	db	" <    STOP    > ", 0
    43 000008C6 50202020203E2000    <1>
    44                              <1> 
    45                              <1> init_int:
    46 000008CE 55                  <1> 	push	ebp
    47 000008CF 89E5                <1> 	mov	ebp, esp
    48                              <1> 
    49 000008D1 50                  <1> 	push	eax
    50 000008D2 53                  <1> 	push	ebx
    51 000008D3 51                  <1> 	push	ecx
    52 000008D4 57                  <1> 	push	edi
    53                              <1> 
    54 000008D5 8D05[B0080000]      <1> 	lea	eax, [int_default]
    55 000008DB BB008E0800          <1> 	mov	ebx, 0x0008_8E00
    56 000008E0 6693                <1> 	xchg	ax, bx
    57                              <1> 
    58                              <1> 	; eax -> int_default[32:16]::8E00
    59                              <1> 	; ebx -> 0x0008		   ::int_default[15:0]
    60                              <1> 	; [eax:ebx] is interrupt disc
    61                              <1> 
    62                              <1> 
    63                              <1> 
    64 000008E2 B900010000          <1> 	mov	ecx, 256
    65 000008E7 BF00001000          <1> 	mov	edi, VECT_BASE
    66                              <1> .10L:
    67 000008EC 891F                <1> 	mov	[edi + 0], ebx	; bottom
    68 000008EE 894704              <1> 	mov	[edi + 4], eax	; top
    69 000008F1 83C708              <1> 	add	edi, 8
    70 000008F4 E2F6                <1> 	loop	.10L
    71                              <1> 
    72 000008F6 0F011D[00000000]    <1> 	lidt	[IDTR]
    73                              <1> 
    74 000008FD 5F                  <1> 	pop	edi
    75 000008FE 59                  <1> 	pop	ecx
    76 000008FF 5B                  <1> 	pop	ebx
    77 00000900 58                  <1> 	pop	eax
    78                              <1> 
    79 00000901 89EC                <1> 	mov	esp, ebp
    80 00000903 5D                  <1> 	pop	ebp
    81                              <1> 
    82 00000904 C3                  <1> 	ret
    83                              <1> 
    84                              <1> int_zero_div:
    85 00000905 9C                  <1> 	pushf
    86 00000906 0E                  <1> 	push	cs
    87 00000907 68[97070000]        <1> 	push	int_stop
    88                              <1> 
    89 0000090C B8[12090000]        <1> 	mov	eax, .s0
    90 00000911 CF                  <1> 	iret
    91                              <1> 
    92                              <1> 
    93 00000912 203C20205A45524F5F- <1> .s0:	db	" <  ZERO_DIV  > ", 0
    93 0000091B 44495620203E2000    <1>
   106                                  %include	"../modules/protect/int_keyboard.s"
     1                              <1> int_keyboard:
     2 00000923 60                  <1> 	pusha
     3 00000924 1E                  <1> 	push	ds
     4 00000925 06                  <1> 	push	es
     5                              <1> 
     6 00000926 66B81000            <1> 	mov	ax, 0x0010	; SEL_DATA. see 468p
     7 0000092A 8ED8                <1> 	mov	ds, ax
     8 0000092C 8EC0                <1> 	mov	es, ax
     9                              <1> 
    10 0000092E E460                <1> 	in	al, 0x60
    11                              <1> 	; see 291p
    12                              <1> 	; when interrupted, data can be read
    13                              <1> 
    14 00000930 5068[48090000]E855- <1> 	cdecl	ring_wr, _KEY_BUFF, eax
    14 00000938 0000006683C408      <1>
    15                              <1> 	
    16                              <1> 	outp	0x20, 0x20
    16 0000093F B020                <2>  mov al, %2
    16 00000941 E620                <2>  out %1, al
    17                              <1> 	; end of interrupt command to master only
    18                              <1> 
    19 00000943 07                  <1> 	pop	es
    20 00000944 1F                  <1> 	pop	ds
    21 00000945 61                  <1> 	popa
    22                              <1> 
    23 00000946 CF                  <1> 	iret
    24                              <1> 
    25 00000947 00                  <1> ALIGN	4,	db	0
    26 00000948 00<rept>            <1> _KEY_BUFF:	times	ring_buff_size	db	0
    27                              <1> ; ring buff
    28                              <1> ; ring_buff_size is struct "ring_buff"'s size created by nasm
    29                              <1> 
    30                              <1> 	
   107                                  ;%include	"../../../../testOS/src/modules/protect/int_keyboard.s"
   108                                  %include	"../modules/protect/ring_buff.s"
     1                              <1> ring_rd:	; ring_rd(ring_address, dest_address)
     2                              <1> 		; return eax
     3 00000960 55                  <1> 	push	ebp
     4 00000961 89E5                <1> 	mov	ebp, esp
     5                              <1> 
     6 00000963 56                  <1> 	push	esi
     7 00000964 57                  <1> 	push	edi
     8 00000965 53                  <1> 	push	ebx
     9                              <1> 
    10 00000966 8B7508              <1> 	mov	esi, [ebp + 8]
    11 00000969 8B7D0C              <1> 	mov	edi, [ebp +12]
    12                              <1> 
    13 0000096C B800000000          <1> 	mov	eax, 0
    14 00000971 8B1E                <1> 	mov	ebx, [esi + ring_buff.rp]
    15 00000973 3B5E04              <1> 	cmp	ebx, [esi + ring_buff.wp]
    16 00000976 7411                <1> 	je	.10E					; no data. eax = 0
    17                              <1> 
    18 00000978 8A441E08            <1> 	mov	al, [esi + ring_buff.item + ebx]	; read point
    19                              <1> 	
    20 0000097C 8807                <1> 	mov	[edi], al
    21                              <1> 	
    22 0000097E 43                  <1> 	inc	ebx
    23 0000097F 83E30F              <1> 	and	ebx, RING_INDEX_MASK			; % 8
    24 00000982 891E                <1> 	mov	[esi + ring_buff.rp], ebx
    25                              <1> 
    26 00000984 B801000000          <1> 	mov	eax, 1					; read something
    27                              <1> 
    28                              <1> .10E:
    29 00000989 5B                  <1> 	pop	ebx
    30 0000098A 5F                  <1> 	pop	edi
    31 0000098B 5E                  <1> 	pop	esi
    32                              <1> 
    33 0000098C 89EC                <1> 	mov	esp, ebp
    34 0000098E 5D                  <1> 	pop	ebp
    35                              <1> 
    36 0000098F C3                  <1> 	ret
    37                              <1> 
    38                              <1> ring_wr:	; ring_wr(ring_address, src) src is not address. 
    39 00000990 55                  <1> 	push	ebp
    40 00000991 89E5                <1> 	mov	ebp, esp
    41                              <1> 
    42 00000993 56                  <1> 	push	esi
    43 00000994 53                  <1> 	push	ebx
    44 00000995 51                  <1> 	push	ecx
    45                              <1> 
    46 00000996 8B7508              <1> 	mov	esi, [ebp + 8]
    47                              <1> 
    48 00000999 8B5E04              <1> 	mov	ebx, [esi + ring_buff.wp]
    49 0000099C 89D9                <1> 	mov	ecx, ebx
    50 0000099E 41                  <1> 	inc	ecx
    51 0000099F 83E10F              <1> 	and	ecx, RING_INDEX_MASK
    52                              <1> 	; ebx is write point
    53                              <1> 	; ecx is next point
    54                              <1> 
    55 000009A2 3B0E                <1> 	cmp	ecx, [esi + ring_buff.rp]
    56 000009A4 740F                <1> 	je	.10E
    57                              <1> 
    58                              <1> 	; can write
    59 000009A6 8A450C              <1> 	mov	al, [ebp +12]
    60 000009A9 88441E08            <1> 	mov	[esi + ring_buff.item + ebx], al	; ebx is index
    61 000009AD 894E04              <1> 	mov	[esi + ring_buff.wp], ecx		; next point
    62                              <1> 
    63 000009B0 B801000000          <1> 	mov	eax, 1					; OK
    64                              <1> .10E:
    65 000009B5 59                  <1> 	pop	ecx
    66 000009B6 5B                  <1> 	pop	ebx
    67 000009B7 5E                  <1> 	pop	esi
    68                              <1> 
    69 000009B8 89EC                <1> 	mov	esp, ebp
    70 000009BA 5D                  <1> 	pop	ebp
    71                              <1> 
    72 000009BB C3                  <1> 	ret
    73                              <1> 	
    74                              <1> 
    75                              <1> draw_key:	
    76 000009BC 55                  <1> 	push	ebp
    77 000009BD 89E5                <1> 	mov	ebp, esp
    78                              <1> 
    79 000009BF 60                  <1> 	pusha
    80                              <1> 	; easy
    81                              <1> 
    82 000009C0 8B5508              <1> 	mov	edx, [ebp + 8]	; x offset
    83 000009C3 8B7D0C              <1> 	mov	edi, [ebp +12]	; y offset
    84 000009C6 8B7510              <1> 	mov	esi, [ebp +16]	; ring buff address
    85                              <1> 
    86 000009C9 8B5E04              <1> 	mov	ebx, [esi + ring_buff.wp]	; seeing point
    87 000009CC 8D7608              <1> 	lea	esi, [esi + ring_buff.item]	; item start address
    88 000009CF B910000000          <1> 	mov	ecx, RING_ITEM_SIZE
    89                              <1> .10L:
    90 000009D4 4B                  <1> 	dec	ebx
    91                              <1> 	; 3 -> 2, 0 -> FF
    92 000009D5 83E30F              <1> 	and	ebx, RING_INDEX_MASK
    93 000009D8 8A041E              <1> 	mov	al, [esi + ebx]
    94                              <1> 
    95 000009DB 6A046A106A0268-     <1> 	cdecl	itoa, eax, .tmp, 2, 0x10, 0b0100
    95 000009E2 [0C0A0000]50E802FC- <1>
    95 000009EA FFFF6683C414        <1>
    96 000009F0 68[0C0A0000]6A0257- <1> 	cdecl	draw_str, edx, edi, 0x02, .tmp
    96 000009F8 52E854F9FFFF6683C4- <1>
    96 00000A01 10                  <1>
    97                              <1> 
    98 00000A02 83C203              <1> 	add	edx, 3
    99                              <1> 	; string is 2, so space is 1
   100                              <1> 
   101 00000A05 E2CD                <1> 	loop	.10L
   102                              <1> 
   103 00000A07 61                  <1> 	popa
   104                              <1> 
   105 00000A08 89EC                <1> 	mov	esp, ebp
   106 00000A0A 5D                  <1> 	pop	ebp
   107                              <1> 
   108 00000A0B C3                  <1> 	ret
   109                              <1> 
   110 00000A0C 2D2D00              <1> .tmp:	db	"--",0
   109                                  ;%include	"../modules/protect/int_timer.s"
   110                                  %include	"modules/my_int_timer.s"
     1                              <1> int_timer:
     2 00000A0F 60                  <1> 	pushad
     3 00000A10 06                  <1> 	push	es
     4 00000A11 1E                  <1> 	push	ds
     5                              <1> 
     6 00000A12 66B81000            <1> 	mov	ax, 0x10
     7 00000A16 8ED8                <1> 	mov	ds, ax
     8 00000A18 8EC0                <1> 	mov	es, ax
     9                              <1> 
    10 00000A1A FF05[440A0000]      <1> 	inc	dword[TIMER_COUNT]
    11                              <1> 
    12                              <1> 	outp	0x20, 0x20
    12 00000A20 B020                <2>  mov al, %2
    12 00000A22 E620                <2>  out %1, al
    13                              <1> 	
    14 00000A24 660F00C8            <1> 	str	ax
    15 00000A28 6683F828            <1> 	cmp	ax, SS_TASK_1
    16 00000A2C 7409                <1> 	je	.11L		; now 11 run
    17                              <1> 
    18                              <1> 
    19 00000A2E EA000000002800      <1> 	jmp	SS_TASK_1:0
    20 00000A35 EB09                <1> 	jmp	.10E
    21                              <1> .11L:
    22 00000A37 EA000000002000      <1> 	jmp	SS_TASK_0:0
    23 00000A3E EB00                <1> 	jmp	.10E
    24                              <1> .10E:
    25                              <1> 
    26 00000A40 1F                  <1> 	pop	ds
    27 00000A41 07                  <1> 	pop	es
    28 00000A42 61                  <1> 	popad
    29                              <1> 	
    30 00000A43 CF                  <1> 	iret
    31                              <1> 
    32                              <1> ALIGN	4,	db	0
    33 00000A44 0000000000000000    <1> TIMER_COUNT:	dq	0
    34                              <1> 
    35                              <1> 
    36                              <1> int_en_timer:
    37 00000A4C 55                  <1> 	push	ebp
    38 00000A4D 89E5                <1> 	mov	ebp, esp
    39                              <1> 	
    40 00000A4F 50                  <1> 	push	eax
    41                              <1> 
    42                              <1> 	outp	0x43, 0b00_11_010_0
    42 00000A50 B034                <2>  mov al, %2
    42 00000A52 E643                <2>  out %1, al
    43                              <1> 	; counter 0
    44                              <1> 	; access mode, bottom -> top
    45                              <1> 	; mode, 2
    46                              <1> 	; bcd
    47                              <1> 
    48                              <1> 	outp	0x40, 0x9C
    48 00000A54 B09C                <2>  mov al, %2
    48 00000A56 E640                <2>  out %1, al
    49                              <1> 	outp	0x40, 0x2E
    49 00000A58 B02E                <2>  mov al, %2
    49 00000A5A E640                <2>  out %1, al
    50                              <1> 	; 2E9C(16) = 11932(10) = (1193182 / 100)
    51                              <1> 
    52 00000A5C 58                  <1> 	pop	eax
    53                              <1> 
    54 00000A5D 89EC                <1> 	mov 	esp, ebp
    55 00000A5F 5D                  <1> 	pop	ebp
    56                              <1> 
    57 00000A60 C3                  <1> 	ret
    58                              <1> 
    59                              <1> 
   111                                  %include	"../modules/protect/draw_rotation_bar.s"
     1                              <1> draw_rotation_bar:
     2 00000A61 55                  <1> 	push	ebp
     3 00000A62 89E5                <1> 	mov	ebp, esp
     4                              <1> 	
     5 00000A64 50                  <1> 	push	eax
     6                              <1> 
     7 00000A65 A1[440A0000]        <1> 	mov	eax, [TIMER_COUNT]
     8 00000A6A C1E808              <1> 	shr	eax, 8
     9 00000A6D 3B05[980A0000]      <1> 	cmp	eax, [.index]	; per 10ms * 16
    10 00000A73 741E                <1> 	je	.10E
    11                              <1> 
    12 00000A75 A3[980A0000]        <1> 	mov	[.index], eax
    13 00000A7A 83E003              <1> 	and	eax, 0x03
    14                              <1> 
    15 00000A7D 8A80[9C0A0000]      <1> 	mov	al, [.table + eax]
    16 00000A83 506A0F6A1D6A00E8C4- <1> 	cdecl	draw_char, 0, 29, 0x000F, eax
    16 00000A8C F7FFFF6683C410      <1>
    17                              <1> .10E:
    18 00000A93 58                  <1> 	pop	eax
    19                              <1> 
    20 00000A94 89EC                <1> 	mov	esp, ebp
    21 00000A96 5D                  <1> 	pop	ebp
    22                              <1> 
    23 00000A97 C3                  <1> 	ret
    24                              <1> 
    25                              <1> ALIGN	4,	db	0
    26 00000A98 00000000            <1> .index:		dd	0
    27 00000A9C 7C2F2D5C            <1> .table:		dd	"|/-\"
   112                                  %include	"descriptor.s"
     1                              <1> ; setting of task0 
     2 00000AA0 0000000000000000    <1> LDT:		dq	0x0000_0000_0000_0000
     3 00000AA8 FFFF0000009ACF00    <1> .cs_task_0:	dq	0x00CF_9A00_0000_FFFF
     4 00000AB0 FFFF00000092CF00    <1> .ds_task_0:	dq	0x00CF_9200_0000_FFFF
     5 00000AB8 FFFF000000FACF00    <1> .cs_task_1:	dq	0x00CF_FA00_0000_FFFF
     6 00000AC0 FFFF000000F2CF00    <1> .ds_task_1:	dq	0x00CF_F200_0000_FFFF
     7                              <1> .end:
     8                              <1> 
     9                              <1> ; ldt indexes
    10                              <1> CS_TASK_0:	equ	(.cs_task_0 - LDT) | 4	; offset | (use LDT bit)
    11                              <1> DS_TASK_0:	equ	(.ds_task_0 - LDT) | 4
    12                              <1> CS_TASK_1:	equ	(.cs_task_1 - LDT) | 4 | 3	; offset | (use LDT bit) | (level = 3)
    13                              <1> DS_TASK_1:	equ	(.ds_task_1 - LDT) | 4 | 3	
    14                              <1> 
    15                              <1> LDT_LIMIT	equ	.end - LDT - 1
    16                              <1> 
    17                              <1> 
    18 00000AC8 0000000000000000    <1> GDT:		dq	0x0000_0000_0000_0000
    19 00000AD0 FFFF0000009ACF00    <1> .cs_kernel:	dq	0x00CF_9A00_0000_FFFF
    20 00000AD8 FFFF00000092CF00    <1> .ds_kernel:	dq	0x00CF_9200_0000_FFFF
    21 00000AE0 0000000000820000    <1> .ldt		dq	0x0000_8200_0000_0000	; uninitialized
    22 00000AE8 6700000000890000    <1> .tss_0:		dq	0x0000_8900_0000_0067	; uninitialized(but flags are initialized)
    23 00000AF0 6700000000890000    <1> .tss_1:		dq	0x0000_8900_0000_0067	; uninitialized(buf flags are initialized)
    24                              <1> .end:
    25                              <1> 
    26                              <1> ; gdt indexes
    27                              <1> CS_KERNEL	equ	.cs_kernel - GDT
    28                              <1> DS_KERNEL	equ	.ds_kernel - GDT
    29                              <1> SS_LDT		equ	.ldt - GDT
    30                              <1> SS_TASK_0	equ	.tss_0 - GDT
    31                              <1> SS_TASK_1	equ	.tss_1 - GDT
    32                              <1> 
    33 00000AF8 2F00                <1> GDTR:		dw	GDT.end - GDT - 1
    34 00000AFA [C80A0000]          <1> 		dd	GDT
    35                              <1> 
    36                              <1> TSS_0:
    37 00000AFE 00000000            <1> .link:   dd 0
    38 00000B02 00321000            <1> .esp0:   dd SP_TASK_0 - STACK_SIZE / 2
    39 00000B06 10000000            <1> .ss0:    dd DS_KERNEL
    40 00000B0A 00000000            <1> .esp1:   dd 0
    41 00000B0E 00000000            <1> .ss1:    dd 0
    42 00000B12 00000000            <1> .esp2:   dd 0
    43 00000B16 00000000            <1> .ss2:    dd 0
    44 00000B1A 00000000            <1> .cr3:    dd 0
    45 00000B1E 00000000            <1> .eip:    dd 0
    46 00000B22 00000000            <1> .eflags: dd 0
    47 00000B26 00000000            <1> .eax:    dd 0
    48 00000B2A 00000000            <1> .ecx:    dd 0
    49 00000B2E 00000000            <1> .edx:    dd 0
    50 00000B32 00000000            <1> .ebx:    dd 0
    51 00000B36 00000000            <1> .esp:    dd 0
    52 00000B3A 00000000            <1> .ebp:    dd 0
    53 00000B3E 00000000            <1> .esi:    dd 0
    54 00000B42 00000000            <1> .edi:    dd 0
    55 00000B46 00000000            <1> .es:     dd 0
    56 00000B4A 00000000            <1> .cs:     dd 0
    57 00000B4E 00000000            <1> .ss:     dd 0
    58 00000B52 00000000            <1> .ds:     dd 0
    59 00000B56 00000000            <1> .fs:     dd 0
    60 00000B5A 00000000            <1> .gs:     dd 0
    61 00000B5E 00000000            <1> .ldt:    dd 0
    62 00000B62 00000000            <1> .io:     dd 0
    63                              <1> 
    64                              <1> TSS_1:
    65 00000B66 00000000            <1> .link:   dd 0
    66 00000B6A 00361000            <1> .esp0:   dd SP_TASK_1 - STACK_SIZE / 2
    67 00000B6E 10000000            <1> .ss0:    dd DS_KERNEL
    68 00000B72 00000000            <1> .esp1:   dd 0
    69 00000B76 00000000            <1> .ss1:    dd 0
    70 00000B7A 00000000            <1> .esp2:   dd 0
    71 00000B7E 00000000            <1> .ss2:    dd 0
    72 00000B82 00000000            <1> .cr3:    dd 0
    73 00000B86 [CE0B0000]          <1> .eip:    dd task_1
    74 00000B8A 02020000            <1> .eflags: dd 0x0202
    75 00000B8E 00000000            <1> .eax:    dd 0
    76 00000B92 00000000            <1> .ecx:    dd 0
    77 00000B96 00000000            <1> .edx:    dd 0
    78 00000B9A 00000000            <1> .ebx:    dd 0
    79 00000B9E 00381000            <1> .esp:    dd SP_TASK_1
    80 00000BA2 00000000            <1> .ebp:    dd 0
    81 00000BA6 00000000            <1> .esi:    dd 0
    82 00000BAA 00000000            <1> .edi:    dd 0
    83 00000BAE 27000000            <1> .es:     dd DS_TASK_1
    84 00000BB2 1F000000            <1> .cs:     dd CS_TASK_1
    85 00000BB6 27000000            <1> .ss:     dd DS_TASK_1
    86 00000BBA 27000000            <1> .ds:     dd DS_TASK_1
    87 00000BBE 27000000            <1> .fs:     dd DS_TASK_1
    88 00000BC2 27000000            <1> .gs:     dd DS_TASK_1
    89 00000BC6 18000000            <1> .ldt:    dd SS_LDT
    90 00000BCA 00000000            <1> .io:     dd 0
    91                              <1> 
   113                                  %include	"task/task_1.s"
     1                              <1> task_1:
     2 00000BCE 68[FC0B0000]6A076A- <1> 	cdecl	draw_str, 63, 0, 0x07, .s0
     2 00000BD6 006A3FE874F7FFFF66- <1>
     2 00000BDF 83C410              <1>
     3                              <1> 
     4                              <1> .10L:
     5                              <1> 	
     6 00000BE2 A1[9C010000]        <1> 	mov	eax, [RTC_TIME]
     7 00000BE7 5068000700006A006A- <1> 	cdecl	draw_time, 72, 0, 0x0700, eax
     7 00000BF0 48E883FAFFFF6683C4- <1>
     7 00000BF9 10                  <1>
     8                              <1> 
     9                              <1> 	; jmp	SS_TASK_0:0	
    10                              <1> 
    11 00000BFA EBE6                <1> 	jmp	.10L
    12                              <1> 
    13                              <1> 
    14                              <1> 
    15 00000BFC 5461736B2D3100      <1> .s0	db	"Task-1", 0
   114                                  ;%include	"../../../../testOS/src/modules/protect/ring_buff.s"
   115                                  ;%include	"../../../../testOS/src/modules/protect/some.s"
   116                                  
   117                                  
   118                                  
   119 00000C03 00<rept>                	times	KERNEL_SIZE - ($ - $$)	db	0
